// 重构日志: e344e396
// 重构日志: e206d611
// 重构日志: 289ba2aa
// 同步 ID: 5e60150b @ Sat Jul 11 12:33:31 UTC 2026
// 同步 ID: a10e08d6 @ Sat Jul 11 15:57:14 UTC 2026
// 同步 ID: d84d5d4f @ Sun Jul 12 08:14:59 UTC 2026
// 同步 ID: 9b97e47a @ Tue Jul 14 08:03:32 UTC 2026
// 重构日志: 99173b5c
// 重构日志: 0958023d
// 同步 ID: 7c2880a8 @ Sat Jul 18 11:41:01 UTC 2026
// 同步 ID: 6eb98562 @ Mon Jul 20 16:38:47 UTC 2026
// 重构日志: 9afbadb2
// 同步 ID: d9ee0cf1 @ Wed Jul 22 13:46:25 UTC 2026
// 重构日志: ff8ab416
// 同步 ID: 33d10d76 @ Sat Jul 25 11:38:13 UTC 2026
// 同步 ID: 460e6720 @ Sat Jul 25 17:40:24 UTC 2026
// 重构日志: c2864bb4
// 重构日志: 24776b4c
// 重构日志: 4ec0c0ee
// 同步 ID: 4fdda24a @ Mon Jul 27 08:05:44 UTC 2026
// 同步 ID: d7a46ce1 @ Mon Jul 27 11:57:34 UTC 2026
// 重构日志: fe44f980
// 重构日志: 466d31c8
// 重构日志: fb215edc
// 同步 ID: 79207316 @ Wed Jul 29 07:24:56 UTC 2026
// 重构日志: 83eff171
// 同步 ID: 8aa82d00 @ Thu Jul 30 07:32:36 UTC 2026
// 同步 ID: 0235c36f @ Thu Jul 30 12:18:30 UTC 2026
// 同步 ID: 9fb69a56 @ Thu Jul 30 17:25:55 UTC 2026
// 同步 ID: 75e3ec10 @ Thu Jul 30 22:19:37 UTC 2026
// 重构日志: 2183e929
